1>------ Rebuild All started: Project: db, Configuration: Debug Any CPU ------
2>------ Rebuild All started: Project: DungeonGen, Configuration: Debug Any CPU ------
3>------ Rebuild All started: Project: Client Updater, Configuration: Debug Any CPU ------
2> DungeonGen -> C:\Users\yannick\Downloads\Cake's Domain 2.0\DungeonGen\bin\Debug\DungeonGen.dll
1> db -> C:\Users\yannick\Downloads\Cake's Domain 2.0\db\bin\Debug\db.dll
4>------ Rebuild All started: Project: wServer, Configuration: Debug Any CPU ------
5>------ Rebuild All started: Project: terrain, Configuration: Debug Any CPU ------
6>------ Rebuild All started: Project: server, Configuration: Debug x86 ------
4>C:\Program Files (x86)\Microsoft Visual Studio\2017\Community\MSBuild\15.0\Bin\Microsoft.C ommon.CurrentVersion.targets(1179,5): error MSB3644: The reference assemblies for framework ".NETFramework,Version=v4.6.1" were not found. To resolve this, install the SDK or Targeting Pack for this framework version or retarget your application to a version of the framework for which you have the SDK or Targeting Pack installed. Note that assemblies will be resolved from the Global Assembly Cache (GAC) and will be used in place of reference assemblies. Therefore your assembly may not be correctly targeted for the framework you intend.
7>------ Rebuild All started: Project: AdminPanel, Configuration: Debug Any CPU ------
3> Client Updater -> C:\Users\yannick\Downloads\Cake's Domain 2.0\Client Updater\bin\Debug\Client Updater.exe
8>------ Rebuild All started: Project: BehaviorConverter, Configuration: Debug Any CPU ------
7> AdminPanel -> C:\Users\yannick\Downloads\Cake's Domain 2.0\bin\Debug\AdminPanel.exe
5>C:\Program Files (x86)\Microsoft Visual Studio\2017\Community\MSBuild\15.0\Bin\Microsoft.C ommon.CurrentVersion.targets(2110,5): warning MSB3245: Could not resolve this reference. Could not locate the assembly "NuGet.Core, Version=1.6.30117.9648, Culture=neutral, PublicKeyToken=31bf3856ad364e35, processorArchitecture=MSIL". Check to make sure the assembly exists on disk. If this reference is required by your code, you may get compilation errors.
5>C:\Program Files (x86)\Microsoft Visual Studio\2017\Community\MSBuild\15.0\Bin\Microsoft.C ommon.CurrentVersion.targets(2110,5): warning MSB3277: Found conflicts between different versions of "Newtonsoft.Json" that could not be resolved. These reference conflicts are listed in the build log when log verbosity is set to detailed.
5>C:\Users\yannick\Downloads\Cake's Domain 2.0\terrain\TerrainTile.cs(98,20,98,21): warning CS0649: Field 'TerrainTile.X' is never assigned to, and will always have its default value 0
5>C:\Users\yannick\Downloads\Cake's Domain 2.0\terrain\TerrainTile.cs(99,20,99,21): warning CS0649: Field 'TerrainTile.Y' is never assigned to, and will always have its default value 0
5> terrain -> C:\Users\yannick\Downloads\Cake's Domain 2.0\terrain\bin\Debug\terrain.exe
9>------ Rebuild All started: Project: Json2Wmap, Configuration: Debug x86 ------
8>C:\Program Files (x86)\Microsoft Visual Studio\2017\Community\MSBuild\15.0\Bin\Microsoft.C ommon.CurrentVersion.targets(1179,5): error MSB3644: The reference assemblies for framework ".NETFramework,Version=v4.6.1" were not found. To resolve this, install the SDK or Targeting Pack for this framework version or retarget your application to a version of the framework for which you have the SDK or Targeting Pack installed. Note that assemblies will be resolved from the Global Assembly Cache (GAC) and will be used in place of reference assemblies. Therefore your assembly may not be correctly targeted for the framework you intend.
9> No way to resolve conflict between "Newtonsoft.Json, Version=6.0.0.0, Culture=neutral, PublicKeyToken=30ad4fe6b2a6aeed" and "Newtonsoft.Json, Version=4.5.0.0, Culture=neutral, PublicKeyToken=30ad4fe6b2a6aeed". Choosing "Newtonsoft.Json, Version=6.0.0.0, Culture=neutral, PublicKeyToken=30ad4fe6b2a6aeed" arbitrarily.
9> Consider app.config remapping of assembly "Newtonsoft.Json, Culture=neutral, PublicKeyToken=30ad4fe6b2a6aeed" from Version "4.5.0.0" [C:\Users\yannick\Downloads\Cake's Domain 2.0\terrain\bin\Debug\Newtonsoft.Json.dll] to Version "6.0.0.0" [C:\Users\yannick\Downloads\Cake's Domain 2.0\db\bin\Debug\Newtonsoft.Json.dll] to solve conflict and get rid of warning.
9>C:\Program Files (x86)\Microsoft Visual Studio\2017\Community\MSBuild\15.0\Bin\Microsoft.C ommon.CurrentVersion.targets(2110,5): warning MSB3276: Found conflicts between different versions of the same dependent assembly. Please set the "AutoGenerateBindingRedirects" property to true in the project file. For more information, see https://go.microsoft.com/fwlink/?LinkId=294190.
9> Json2Wmap -> C:\Users\yannick\Downloads\Cake's Domain 2.0\Json2Wmap\bin\Debug\Json2Wmap.exe
6>C:\Users\yannick\Downloads\Cake's Domain 2.0\server\admin\performCommand.cs(206,26,206,31): warning CS0649: Field 'performCommand.content.items' is never assigned to, and will always have its default value null
6>C:\Users\yannick\Downloads\Cake's Domain 2.0\server\admin\performCommand.cs(192,27,192,31): warning CS0649: Field 'performCommand.package.name' is never assigned to, and will always have its default value null
6>C:\Users\yannick\Downloads\Cake's Domain 2.0\server\admin\performCommand.cs(207,24,207,33): warning CS0649: Field 'performCommand.content.charSlots' is never assigned to, and will always have its default value 0
6>C:\Users\yannick\Downloads\Cake's Domain 2.0\server\admin\performCommand.cs(199,24,199,31): warning CS0649: Field 'performCommand.package.endDate' is never assigned to, and will always have its default value 0
6>C:\Users\yannick\Downloads\Cake's Domain 2.0\server\char\list.cs(297,27,297,31): warning CS0649: Field 'list.locationPoint.city' is never assigned to, and will always have its default value null
6>C:\Users\yannick\Downloads\Cake's Domain 2.0\server\char\list.cs(293,27,293,39): warning CS0649: Field 'list.locationPoint.country_code' is never assigned to, and will always have its default value null
6>C:\Users\yannick\Downloads\Cake's Domain 2.0\server\char\list.cs(292,27,292,29): warning CS0649: Field 'list.locationPoint.ip' is never assigned to, and will always have its default value null
6>C:\Users\yannick\Downloads\Cake's Domain 2.0\server\admin\performCommand.cs(208,24,208,35): warning CS0649: Field 'performCommand.content.vaultChests' is never assigned to, and will always have its default value 0
6>C:\Users\yannick\Downloads\Cake's Domain 2.0\server\char\list.cs(300,27,300,35): warning CS0649: Field 'list.locationPoint.latitude' is never assigned to, and will always have its default value 0
6>C:\Users\yannick\Downloads\Cake's Domain 2.0\server\char\list.cs(302,24,302,34): warning CS0649: Field 'list.locationPoin*****tro_code' is never assigned to, and will always have its default value 0
6>C:\Users\yannick\Downloads\Cake's Domain 2.0\server\account\purchasePackage.cs(97,24,97,33) : warning CS0649: Field 'purchasePackage.PackageContent.charSlots' is never assigned to, and will always have its default value 0
6>C:\Users\yannick\Downloads\Cake's Domain 2.0\server\char\list.cs(298,27,298,35): warning CS0649: Field 'list.locationPoint.zip_code' is never assigned to, and will always have its default value null
6>C:\Users\yannick\Downloads\Cake's Domain 2.0\server\admin\performCommand.cs(193,24,193,35): warning CS0649: Field 'performCommand.package.maxPurchase' is never assigned to, and will always have its default value 0
6>C:\Users\yannick\Downloads\Cake's Domain 2.0\server\char\list.cs(295,27,295,38): warning CS0649: Field 'list.locationPoint.region_code' is never assigned to, and will always have its default value null
6>C:\Users\yannick\Downloads\Cake's Domain 2.0\server\account\purchasePackage.cs(95,30,95,35) : warning CS0649: Field 'purchasePackage.PackageContent.items' is never assigned to, and will always have its default value null
6>C:\Users\yannick\Downloads\Cake's Domain 2.0\server\char\list.cs(301,27,301,36): warning CS0649: Field 'list.locationPoint.longitude' is never assigned to, and will always have its default value 0
6>C:\Users\yannick\Downloads\Cake's Domain 2.0\server\char\list.cs(299,27,299,36): warning CS0649: Field 'list.locationPoint.time_zone' is never assigned to, and will always have its default value null
6>C:\Users\yannick\Downloads\Cake's Domain 2.0\server\admin\performCommand.cs(194,24,194,30): warning CS0649: Field 'performCommand.package.weight' is never assigned to, and will always have its default value 0
6>C:\Users\yannick\Downloads\Cake's Domain 2.0\server\char\list.cs(294,27,294,39): warning CS0649: Field 'list.locationPoint.country_name' is never assigned to, and will always have its default value null
6>C:\Users\yannick\Downloads\Cake's Domain 2.0\server\admin\performCommand.cs(197,24,197,29): warning CS0649: Field 'performCommand.package.price' is never assigned to, and will always have its default value 0
6>C:\Users\yannick\Downloads\Cake's Domain 2.0\server\admin\performCommand.cs(198,24,198,32): warning CS0649: Field 'performCommand.package.quantity' is never assigned to, and will always have its default value 0
6>C:\Users\yannick\Downloads\Cake's Domain 2.0\server\admin\performCommand.cs(196,27,196,32): warning CS0649: Field 'performCommand.package.bgUrl' is never assigned to, and will always have its default value null
6>C:\Users\yannick\Downloads\Cake's Domain 2.0\server\account\purchasePackage.cs(96,24,96,35) : warning CS0649: Field 'purchasePackage.PackageContent.vaultChests' is never assigned to, and will always have its default value 0
6>C:\Users\yannick\Downloads\Cake's Domain 2.0\server\char\list.cs(296,27,296,38): warning CS0649: Field 'list.locationPoint.region_name' is never assigned to, and will always have its default value null
6> server -> C:\Users\yannick\Downloads\Cake's Domain 2.0\bin\Debug\server.exe
========== Rebuild All: 7 succeeded, 2 failed, 0 skipped ==========1>------ Rebuild All started: Project: db, Configuration: Debug Any CPU ------
2>------ Rebuild All started: Project: DungeonGen, Configuration: Debug Any CPU ------
3>------ Rebuild All started: Project: Client Updater, Configuration: Debug Any CPU ------
2> DungeonGen -> C:\Users\yannick\Downloads\Cake's Domain 2.0\DungeonGen\bin\Debug\DungeonGen.dll
1> db -> C:\Users\yannick\Downloads\Cake's Domain 2.0\db\bin\Debug\db.dll
4>------ Rebuild All started: Project: wServer, Configuration: Debug Any CPU ------
5>------ Rebuild All started: Project: terrain, Configuration: Debug Any CPU ------
6>------ Rebuild All started: Project: server, Configuration: Debug x86 ------
4>C:\Program Files (x86)\Microsoft Visual Studio\2017\Community\MSBuild\15.0\Bin\Microsoft.C ommon.CurrentVersion.targets(1179,5): error MSB3644: The reference assemblies for framework ".NETFramework,Version=v4.6.1" were not found. To resolve this, install the SDK or Targeting Pack for this framework version or retarget your application to a version of the framework for which you have the SDK or Targeting Pack installed. Note that assemblies will be resolved from the Global Assembly Cache (GAC) and will be used in place of reference assemblies. Therefore your assembly may not be correctly targeted for the framework you intend.
7>------ Rebuild All started: Project: AdminPanel, Configuration: Debug Any CPU ------
3> Client Updater -> C:\Users\yannick\Downloads\Cake's Domain 2.0\Client Updater\bin\Debug\Client Updater.exe
8>------ Rebuild All started: Project: BehaviorConverter, Configuration: Debug Any CPU ------
7> AdminPanel -> C:\Users\yannick\Downloads\Cake's Domain 2.0\bin\Debug\AdminPanel.exe
5>C:\Program Files (x86)\Microsoft Visual Studio\2017\Community\MSBuild\15.0\Bin\Microsoft.C ommon.CurrentVersion.targets(2110,5): warning MSB3245: Could not resolve this reference. Could not locate the assembly "NuGet.Core, Version=1.6.30117.9648, Culture=neutral, PublicKeyToken=31bf3856ad364e35, processorArchitecture=MSIL". Check to make sure the assembly exists on disk. If this reference is required by your code, you may get compilation errors.
5>C:\Program Files (x86)\Microsoft Visual Studio\2017\Community\MSBuild\15.0\Bin\Microsoft.C ommon.CurrentVersion.targets(2110,5): warning MSB3277: Found conflicts between different versions of "Newtonsoft.Json" that could not be resolved. These reference conflicts are listed in the build log when log verbosity is set to detailed.
5>C:\Users\yannick\Downloads\Cake's Domain 2.0\terrain\TerrainTile.cs(98,20,98,21): warning CS0649: Field 'TerrainTile.X' is never assigned to, and will always have its default value 0
5>C:\Users\yannick\Downloads\Cake's Domain 2.0\terrain\TerrainTile.cs(99,20,99,21): warning CS0649: Field 'TerrainTile.Y' is never assigned to, and will always have its default value 0
5> terrain -> C:\Users\yannick\Downloads\Cake's Domain 2.0\terrain\bin\Debug\terrain.exe
9>------ Rebuild All started: Project: Json2Wmap, Configuration: Debug x86 ------
8>C:\Program Files (x86)\Microsoft Visual Studio\2017\Community\MSBuild\15.0\Bin\Microsoft.C ommon.CurrentVersion.targets(1179,5): error MSB3644: The reference assemblies for framework ".NETFramework,Version=v4.6.1" were not found. To resolve this, install the SDK or Targeting Pack for this framework version or retarget your application to a version of the framework for which you have the SDK or Targeting Pack installed. Note that assemblies will be resolved from the Global Assembly Cache (GAC) and will be used in place of reference assemblies. Therefore your assembly may not be correctly targeted for the framework you intend.
9> No way to resolve conflict between "Newtonsoft.Json, Version=6.0.0.0, Culture=neutral, PublicKeyToken=30ad4fe6b2a6aeed" and "Newtonsoft.Json, Version=4.5.0.0, Culture=neutral, PublicKeyToken=30ad4fe6b2a6aeed". Choosing "Newtonsoft.Json, Version=6.0.0.0, Culture=neutral, PublicKeyToken=30ad4fe6b2a6aeed" arbitrarily.
9> Consider app.config remapping of assembly "Newtonsoft.Json, Culture=neutral, PublicKeyToken=30ad4fe6b2a6aeed" from Version "4.5.0.0" [C:\Users\yannick\Downloads\Cake's Domain 2.0\terrain\bin\Debug\Newtonsoft.Json.dll] to Version "6.0.0.0" [C:\Users\yannick\Downloads\Cake's Domain 2.0\db\bin\Debug\Newtonsoft.Json.dll] to solve conflict and get rid of warning.
9>C:\Program Files (x86)\Microsoft Visual Studio\2017\Community\MSBuild\15.0\Bin\Microsoft.C ommon.CurrentVersion.targets(2110,5): warning MSB3276: Found conflicts between different versions of the same dependent assembly. Please set the "AutoGenerateBindingRedirects" property to true in the project file. For more information, see https://go.microsoft.com/fwlink/?LinkId=294190.
9> Json2Wmap -> C:\Users\yannick\Downloads\Cake's Domain 2.0\Json2Wmap\bin\Debug\Json2Wmap.exe
6>C:\Users\yannick\Downloads\Cake's Domain 2.0\server\admin\performCommand.cs(206,26,206,31): warning CS0649: Field 'performCommand.content.items' is never assigned to, and will always have its default value null
6>C:\Users\yannick\Downloads\Cake's Domain 2.0\server\admin\performCommand.cs(192,27,192,31): warning CS0649: Field 'performCommand.package.name' is never assigned to, and will always have its default value null
6>C:\Users\yannick\Downloads\Cake's Domain 2.0\server\admin\performCommand.cs(207,24,207,33): warning CS0649: Field 'performCommand.content.charSlots' is never assigned to, and will always have its default value 0
6>C:\Users\yannick\Downloads\Cake's Domain 2.0\server\admin\performCommand.cs(199,24,199,31): warning CS0649: Field 'performCommand.package.endDate' is never assigned to, and will always have its default value 0
6>C:\Users\yannick\Downloads\Cake's Domain 2.0\server\char\list.cs(297,27,297,31): warning CS0649: Field 'list.locationPoint.city' is never assigned to, and will always have its default value null
6>C:\Users\yannick\Downloads\Cake's Domain 2.0\server\char\list.cs(293,27,293,39): warning CS0649: Field 'list.locationPoint.country_code' is never assigned to, and will always have its default value null
6>C:\Users\yannick\Downloads\Cake's Domain 2.0\server\char\list.cs(292,27,292,29): warning CS0649: Field 'list.locationPoint.ip' is never assigned to, and will always have its default value null
6>C:\Users\yannick\Downloads\Cake's Domain 2.0\server\admin\performCommand.cs(208,24,208,35): warning CS0649: Field 'performCommand.content.vaultChests' is never assigned to, and will always have its default value 0
6>C:\Users\yannick\Downloads\Cake's Domain 2.0\server\char\list.cs(300,27,300,35): warning CS0649: Field 'list.locationPoint.latitude' is never assigned to, and will always have its default value 0
6>C:\Users\yannick\Downloads\Cake's Domain 2.0\server\char\list.cs(302,24,302,34): warning CS0649: Field 'list.locationPoin*****tro_code' is never assigned to, and will always have its default value 0
6>C:\Users\yannick\Downloads\Cake's Domain 2.0\server\account\purchasePackage.cs(97,24,97,33) : warning CS0649: Field 'purchasePackage.PackageContent.charSlots' is never assigned to, and will always have its default value 0
6>C:\Users\yannick\Downloads\Cake's Domain 2.0\server\char\list.cs(298,27,298,35): warning CS0649: Field 'list.locationPoint.zip_code' is never assigned to, and will always have its default value null
6>C:\Users\yannick\Downloads\Cake's Domain 2.0\server\admin\performCommand.cs(193,24,193,35): warning CS0649: Field 'performCommand.package.maxPurchase' is never assigned to, and will always have its default value 0
6>C:\Users\yannick\Downloads\Cake's Domain 2.0\server\char\list.cs(295,27,295,38): warning CS0649: Field 'list.locationPoint.region_code' is never assigned to, and will always have its default value null
6>C:\Users\yannick\Downloads\Cake's Domain 2.0\server\account\purchasePackage.cs(95,30,95,35) : warning CS0649: Field 'purchasePackage.PackageContent.items' is never assigned to, and will always have its default value null
6>C:\Users\yannick\Downloads\Cake's Domain 2.0\server\char\list.cs(301,27,301,36): warning CS0649: Field 'list.locationPoint.longitude' is never assigned to, and will always have its default value 0
6>C:\Users\yannick\Downloads\Cake's Domain 2.0\server\char\list.cs(299,27,299,36): warning CS0649: Field 'list.locationPoint.time_zone' is never assigned to, and will always have its default value null
6>C:\Users\yannick\Downloads\Cake's Domain 2.0\server\admin\performCommand.cs(194,24,194,30): warning CS0649: Field 'performCommand.package.weight' is never assigned to, and will always have its default value 0
6>C:\Users\yannick\Downloads\Cake's Domain 2.0\server\char\list.cs(294,27,294,39): warning CS0649: Field 'list.locationPoint.country_name' is never assigned to, and will always have its default value null
6>C:\Users\yannick\Downloads\Cake's Domain 2.0\server\admin\performCommand.cs(197,24,197,29): warning CS0649: Field 'performCommand.package.price' is never assigned to, and will always have its default value 0
6>C:\Users\yannick\Downloads\Cake's Domain 2.0\server\admin\performCommand.cs(198,24,198,32): warning CS0649: Field 'performCommand.package.quantity' is never assigned to, and will always have its default value 0
6>C:\Users\yannick\Downloads\Cake's Domain 2.0\server\admin\performCommand.cs(196,27,196,32): warning CS0649: Field 'performCommand.package.bgUrl' is never assigned to, and will always have its default value null
6>C:\Users\yannick\Downloads\Cake's Domain 2.0\server\account\purchasePackage.cs(96,24,96,35) : warning CS0649: Field 'purchasePackage.PackageContent.vaultChests' is never assigned to, and will always have its default value 0
6>C:\Users\yannick\Downloads\Cake's Domain 2.0\server\char\list.cs(296,27,296,38): warning CS0649: Field 'list.locationPoint.region_name' is never assigned to, and will always have its default value null
6> server -> C:\Users\yannick\Downloads\Cake's Domain 2.0\bin\Debug\server.exe
========== Rebuild All: 7 succeeded, 2 failed, 0 skipped ==========
